<html>
<body>
<pre>
<h1>µVision Build Log</h1>
<h2>Project:</h2>
E:\19CCE201 Lab Sessions\Keypad_Interfacing\Keypad_Interfacing.uvproj
Project File Date:  02/14/2022

<h2>Output:</h2>
Build target 'Target 1'
assembling Startup.s...
compiling Keypad_Interfacing_Code.c...
Keypad_Interfacing_Code.c(49): warning:  #111-D: statement is unreachable
Keypad_Interfacing_Code.c(200): error:  #29: expected an expression
Target not created
Build target 'Target 1'
compiling Keypad_Interfacing_Code.c...
Keypad_Interfacing_Code.c(198): error:  #29: expected an expression
Target not created
Build target 'Target 1'
compiling Keypad_Interfacing_Code.c...
linking...
Program Size: Code=1996 RO-data=16 RW-data=0 ZI-data=1256  
FromELF: creating hex file...
"Keypad_Interfacing.axf" - 0 Error(s), 0 Warning(s).
Build target 'Target 1'
compiling Keypad_Interfacing_Code.c...
Keypad_Interfacing_Code.c(97): warning:  #111-D: statement is unreachable
Keypad_Interfacing_Code.c(126): warning:  #111-D: statement is unreachable
Keypad_Interfacing_Code.c(155): warning:  #111-D: statement is unreachable
linking...
Program Size: Code=1496 RO-data=16 RW-data=0 ZI-data=1256  
FromELF: creating hex file...
"Keypad_Interfacing.axf" - 0 Error(s), 3 Warning(s).
Build target 'Target 1'
compiling Keypad_Interfacing_Code.c...
linking...
Program Size: Code=1928 RO-data=16 RW-data=0 ZI-data=1256  
FromELF: creating hex file...
"Keypad_Interfacing.axf" - 0 Error(s), 0 Warning(s).
Build target 'Target 1'
compiling Keypad_Interfacing_Code.c...
linking...
Program Size: Code=1996 RO-data=16 RW-data=0 ZI-data=1256  
FromELF: creating hex file...
"Keypad_Interfacing.axf" - 0 Error(s), 0 Warning(s).
