<html>
<body>
<pre>
<h1>µVision Build Log</h1>
<h2>Project:</h2>
E:\19CCE201 Lab Sessions\Stepper_Motor_Control\Stepper_Motor_Control.uvproj
Project File Date:  02/14/2022

<h2>Output:</h2>
Build target 'Target 1'
assembling Startup.s...
compiling Stepper_Motor_Control_Code.c...
Stepper_Motor_Control_Code.c(25): error:  #254: type name is not allowed
Stepper_Motor_Control_Code.c(25): error:  #65: expected a ";"
Stepper_Motor_Control_Code.c(25): error:  #20: identifier "i" is undefined
Stepper_Motor_Control_Code.c(57): error:  #254: type name is not allowed
Stepper_Motor_Control_Code.c(57): error:  #65: expected a ";"
Stepper_Motor_Control_Code.c(57): error:  #20: identifier "j" is undefined
Target not created
Build target 'Target 1'
compiling Stepper_Motor_Control_Code.c...
linking...
Program Size: Code=1404 RO-data=32 RW-data=4 ZI-data=1260  
FromELF: creating hex file...
"Stepper_Motor_Control.axf" - 0 Error(s), 0 Warning(s).
